# serializer version: 1
# name: test_anonymous_post_forum_rating_view[anonymous_post_forum_rating_view]
  '''
  <html><head></head><body><div id="rating-area">
      <h2 class="mt-3">Cette fiche vous a-t-elle été utile ?</h2>
      
          
              
                  ★
              
          
              
                  ★
              
          
              
                  ★
              
          
              
                  ★
              
          
              
                  ★
              
          
      
  </div>
  </body></html>
  '''
# ---
# name: test_authenticated_post_forum_rating_view[authenticated_post_forum_rating_view]
  '''
  <html><head></head><body><div id="rating-area">
      <h2 class="mt-3">Cette fiche vous a-t-elle été utile ?</h2>
      
          
              
                  ★
              
          
              
                  -
              
          
              
                  -
              
          
              
                  -
              
          
              
                  -
              
          
      
  </div>
  </body></html>
  '''
# ---
